[0.009s][info][gc] Using Serial
[4.305s][info][gc] GC(0) Pause Young (Allocation Failure) 4M->2M(15M) 3.569ms
[4.386s][info][gc] GC(1) Pause Young (Allocation Failure) 6M->2M(15M) 2.631ms
[4.445s][info][gc] GC(2) Pause Young (Allocation Failure) 7M->3M(15M) 1.370ms
[4.584s][info][gc] GC(3) Pause Young (Allocation Failure) 7M->3M(15M) 1.504ms
[5.767s][info][gc] GC(4) Pause Young (Allocation Failure) 7M->4M(15M) 8.213ms
[37.665s][info][gc] GC(5) Pause Young (Allocation Failure) 8M->4M(15M) 1.770ms
[37.675s][info][gc] GC(6) Pause Young (Allocation Failure) 8M->4M(15M) 0.673ms
[37.682s][info][gc] GC(7) Pause Young (Allocation Failure) 8M->4M(15M) 0.676ms
[37.689s][info][gc] GC(8) Pause Young (Allocation Failure) 8M->4M(15M) 0.479ms
[37.704s][info][gc] GC(9) Pause Young (Allocation Failure) 8M->4M(15M) 0.501ms
[37.711s][info][gc] GC(10) Pause Young (Allocation Failure) 8M->4M(15M) 0.745ms
[37.717s][info][gc] GC(11) Pause Young (Allocation Failure) 8M->4M(15M) 0.513ms
[37.720s][info][gc] GC(12) Pause Young (Allocation Failure) 8M->4M(15M) 0.539ms
[37.724s][info][gc] GC(13) Pause Young (Allocation Failure) 8M->4M(15M) 0.487ms
[68.780s][info][gc] GC(14) Pause Young (Allocation Failure) 8M->4M(15M) 0.982ms
[90.870s][info][gc] GC(15) Pause Young (Allocation Failure) 8M->4M(15M) 0.628ms
[90.873s][info][gc] GC(16) Pause Young (Allocation Failure) 8M->4M(15M) 0.621ms
[90.877s][info][gc] GC(17) Pause Young (Allocation Failure) 8M->4M(15M) 0.664ms
[90.880s][info][gc] GC(18) Pause Young (Allocation Failure) 8M->4M(15M) 0.611ms
[90.883s][info][gc] GC(19) Pause Young (Allocation Failure) 8M->4M(15M) 0.590ms
[90.887s][info][gc] GC(20) Pause Young (Allocation Failure) 8M->4M(15M) 0.587ms
[90.891s][info][gc] GC(21) Pause Young (Allocation Failure) 8M->4M(15M) 0.452ms
[90.894s][info][gc] GC(22) Pause Young (Allocation Failure) 8M->4M(15M) 0.403ms
[98.831s][info][gc] GC(23) Pause Young (Allocation Failure) 8M->4M(15M) 0.541ms
[139.815s][info][gc] GC(24) Pause Young (Allocation Failure) 8M->4M(15M) 1.220ms
